../Core/Src/main.c:86:5:main	8	static
../Core/Src/main.c:142:6:SystemClock_Config	88	static
../Core/Src/main.c:188:13:MX_ADC1_Init	24	static
../Core/Src/main.c:240:13:MX_TIM1_Init	56	static
../Core/Src/main.c:290:13:MX_TIM2_Init	56	static
../Core/Src/main.c:339:13:MX_TIM3_Init	64	static
../Core/Src/main.c:402:13:MX_TIM4_Init	48	static
../Core/Src/main.c:460:13:MX_TIM5_Init	32	static
../Core/Src/main.c:505:13:MX_TIM8_Init	32	static
../Core/Src/main.c:551:13:MX_USART1_UART_Init	8	static
../Core/Src/main.c:584:13:MX_GPIO_Init	56	static
../Core/Src/main.c:676:6:Error_Handler	4	static,ignoring_inline_asm
